src/App.tsx(1,1): error TS6192: All imports in import declaration are unused.
src/App.tsx(21,10): error TS6133: 'Navigation' is declared but its value is never read.
src/components/Navbar.tsx(1,8): error TS6133: 'React' is declared but its value is never read.
src/components/sections/CTA.tsx(1,1): error TS6133: 'React' is declared but its value is never read.
src/components/sections/GlobalFootprint.tsx(10,22): error TS6133: 'BuildingIcon' is declared but its value is never read.
src/components/sections/Hero.tsx(1,1): error TS6133: 'React' is declared but its value is never read.
src/components/sections/LogoStrip.tsx(1,1): error TS6133: 'React' is declared but its value is never read.
src/components/sections/Process.tsx(1,8): error TS6133: 'React' is declared but its value is never read.
src/components/sections/Process.tsx(2,18): error TS6133: 'useMotionValue' is declared but its value is never read.
src/components/sections/Process.tsx(2,34): error TS6133: 'useTransform' is declared but its value is never read.
src/components/sections/Process.tsx(2,48): error TS6133: 'animate' is declared but its value is never read.
src/components/sections/ProjectShowcase.tsx(1,8): error TS6133: 'React' is declared but its value is never read.
src/components/sections/Services.tsx(1,1): error TS6133: 'React' is declared but its value is never read.
src/components/sections/Services.tsx(7,3): error TS6133: 'SunIcon' is declared but its value is never read.
src/components/sections/Services.tsx(110,3): error TS6133: 'index' is declared but its value is never read.
src/components/sections/Testimonials.tsx(1,8): error TS6133: 'React' is declared but its value is never read.
src/components/sections/TrustStrip.tsx(1,1): error TS6133: 'React' is declared but its value is never read.
src/components/sections/WhyEncotec.tsx(1,1): error TS6133: 'React' is declared but its value is never read.
src/index.tsx(2,1): error TS6133: 'React' is declared but its value is never read.
src/pages/About.tsx(1,1): error TS6133: 'React' is declared but its value is never read.
src/pages/About.tsx(10,3): error TS6133: 'TargetIcon' is declared but its value is never read.
src/pages/About.tsx(17,3): error TS6133: 'MapPinIcon' is declared but its value is never read.
src/pages/Careers.tsx(1,8): error TS6133: 'React' is declared but its value is never read.
src/pages/Careers.tsx(1,17): error TS6133: 'useRef' is declared but its value is never read.
src/pages/Careers.tsx(2,1): error TS6133: 'Link' is declared but its value is never read.
src/pages/Careers.tsx(18,3): error TS6133: 'SettingsIcon' is declared but its value is never read.
src/pages/Certifications.tsx(1,8): error TS6133: 'React' is declared but its value is never read.
src/pages/Certifications.tsx(13,3): error TS6133: 'ChevronRightIcon' is declared but its value is never read.
src/pages/Contact.tsx(2,1): error TS6133: 'Link' is declared but its value is never read.
src/pages/Insights.tsx(1,8): error TS6133: 'React' is declared but its value is never read.
src/pages/insights/InsightDetail.tsx(1,8): error TS6133: 'React' is declared but its value is never read.
src/pages/insights/InsightDetail.tsx(1,17): error TS6133: 'useRef' is declared but its value is never read.
src/pages/insights/InsightDetail.tsx(1,25): error TS6133: 'useState' is declared but its value is never read.
src/pages/insights/InsightDetail.tsx(527,9): error TS6133: 'navigate' is declared but its value is never read.
src/pages/insights/InsightDetail.tsx(530,9): error TS6133: 'opacity' is declared but its value is never read.
src/pages/insights/InsightDetail.tsx(703,52): error TS2339: Property 'items' does not exist on type '{ type: string; text: string; items?: undefined; } | { type: string; items: string[]; text?: undefined; } | { type: string; text: string; }'.
  Property 'items' does not exist on type '{ type: string; text: string; }'.
src/pages/insights/InsightDetail.tsx(706,30): error TS2339: Property 'items' does not exist on type '{ type: string; text: string; items?: undefined; } | { type: string; items: string[]; text?: undefined; } | { type: string; text: string; }'.
  Property 'items' does not exist on type '{ type: string; text: string; }'.
src/pages/insights/InsightDetail.tsx(706,41): error TS7006: Parameter 'item' implicitly has an 'any' type.
src/pages/insights/InsightDetail.tsx(706,47): error TS7006: Parameter 'i' implicitly has an 'any' type.
src/pages/Leadership.tsx(1,8): error TS6133: 'React' is declared but its value is never read.
src/pages/Leadership.tsx(1,46): error TS6133: 'useCallback' is declared but its value is never read.
src/pages/Services.tsx(1,8): error TS6133: 'React' is declared but its value is never read.
src/pages/Services.tsx(13,3): error TS6133: 'SunIcon' is declared but its value is never read.
src/pages/services/AirportServices.tsx(1,8): error TS6133: 'React' is declared but its value is never read.
src/pages/services/AirportServices.tsx(4,18): error TS6133: 'useScroll' is declared but its value is never read.
src/pages/services/AirportServices.tsx(4,29): error TS6133: 'useTransform' is declared but its value is never read.
src/pages/services/AirportServices.tsx(8,3): error TS6133: 'ShieldCheckIcon' is declared but its value is never read.
src/pages/services/AirportServices.tsx(13,3): error TS6133: 'BarChartIcon' is declared but its value is never read.
src/pages/services/AirportServices.tsx(15,10): error TS6133: 'AnimatedCounter' is declared but its value is never read.
src/pages/services/EngineeringServices.tsx(1,8): error TS6133: 'React' is declared but its value is never read.
src/pages/services/PowerGeneration.tsx(1,8): error TS6133: 'React' is declared but its value is never read.
src/pages/services/PowerGeneration.tsx(4,18): error TS6133: 'useScroll' is declared but its value is never read.
src/pages/services/PowerGeneration.tsx(4,29): error TS6133: 'useTransform' is declared but its value is never read.
src/pages/services/PowerGeneration.tsx(14,3): error TS6133: 'CheckCircle2Icon' is declared but its value is never read.
src/pages/services/PowerGeneration.tsx(16,10): error TS6133: 'AnimatedCounter' is declared but its value is never read.
src/pages/services/ProjectManagement.tsx(1,8): error TS6133: 'React' is declared but its value is never read.
src/pages/services/ProjectManagement.tsx(8,3): error TS6133: 'CheckCircle2Icon' is declared but its value is never read.
src/pages/services/ProjectManagement.tsx(11,3): error TS6133: 'TrendingUpIcon' is declared but its value is never read.
src/pages/services/ProjectManagement.tsx(13,3): error TS6133: 'ClockIcon' is declared but its value is never read.
src/pages/services/ProjectManagement.tsx(60,9): error TS6133: 'y' is declared but its value is never read.
src/pages/services/RenewableEnergy.tsx(1,8): error TS6133: 'React' is declared but its value is never read.
src/pages/services/RenewableEnergy.tsx(4,18): error TS6133: 'useScroll' is declared but its value is never read.
src/pages/services/RenewableEnergy.tsx(4,29): error TS6133: 'useTransform' is declared but its value is never read.
src/pages/services/RenewableEnergy.tsx(8,3): error TS6133: 'ClipboardCheckIcon' is declared but its value is never read.
src/pages/services/RenewableEnergy.tsx(12,3): error TS6133: 'ShieldCheckIcon' is declared but its value is never read.
src/pages/services/RenewableEnergy.tsx(13,3): error TS6133: 'CheckCircle2Icon' is declared but its value is never read.
src/pages/services/RenewableEnergy.tsx(14,3): error TS6133: 'ZapIcon' is declared but its value is never read.
src/pages/services/RenewableEnergy.tsx(16,10): error TS6133: 'AnimatedCounter' is declared but its value is never read.
src/pages/services/TransmissionDistribution.tsx(1,8): error TS6133: 'React' is declared but its value is never read.
src/pages/services/TransmissionDistribution.tsx(4,18): error TS6133: 'useScroll' is declared but its value is never read.
src/pages/services/TransmissionDistribution.tsx(4,29): error TS6133: 'useTransform' is declared but its value is never read.
src/pages/services/TransmissionDistribution.tsx(15,10): error TS6133: 'AnimatedCounter' is declared but its value is never read.
src/pages/services/ValueAddedServices.tsx(1,8): error TS6133: 'React' is declared but its value is never read.
src/pages/services/ValueAddedServices.tsx(15,10): error TS6133: 'AnimatedCounter' is declared but its value is never read.
